I'm sorry, but errors were detected in your script. Please correct the
errors listed below, and try again.


The label start is defined twice, at File "game/script.rpy", line 75:
label start:
and File "game/script.rpy", line 81:
label start:


Ren'Py Version: Ren'Py 8.2.1.24030407
Tue May 14 17:11:25 2024
